../Core/Src/main.c:82:5:_read	24	static
../Core/Src/main.c:88:5:_write	24	static
../Core/Src/main.c:93:6:light_init	8	static
../Core/Src/main.c:103:5:main	16	static
../Core/Src/main.c:163:6:SystemClock_Config	72	static
../Core/Src/main.c:202:13:MX_TIM3_Init	64	static
../Core/Src/main.c:261:13:MX_USART2_UART_Init	8	static
../Core/Src/main.c:294:13:MX_GPIO_Init	40	static
../Core/Src/main.c:328:6:light_state_machine	24	static
../Core/Src/main.c:391:6:light_change_intensity	16	static
../Core/Src/main.c:395:6:run_entry_action	16	static
../Core/Src/main.c:418:6:Error_Handler	4	static,ignoring_inline_asm
