../Core/Src/main.c:81:5:_read	24	static
../Core/Src/main.c:87:5:_write	24	static
../Core/Src/main.c:97:5:main	16	static
../Core/Src/main.c:157:6:SystemClock_Config	72	static
../Core/Src/main.c:196:13:MX_TIM3_Init	64	static
../Core/Src/main.c:255:13:MX_USART2_UART_Init	8	static
../Core/Src/main.c:288:13:MX_GPIO_Init	40	static
../Core/Src/main.c:322:6:light_state_machine	16	static
../Core/Src/main.c:386:6:light_change_intensity	16	static
../Core/Src/main.c:395:6:Error_Handler	4	static,ignoring_inline_asm
